// Jest Snapshot v1, https://goo.gl/fbAQLP

exports[`Component: UserListTemplate render the component 1`] = `
Object {
  "asFragment": [Function],
  "baseElement": <body>
    <div>
      <div
        class="styled__Container-sc-1ozttvw-0 jmiUhe"
      >
        <div
          class="styled__TableContainer-sc-1ozttvw-1 hrtKVn"
          data-testid="table-container"
        >
          <div
            class="styled__Container-q0w278-0 iFBbUj"
          >
            <div
              class="styled__Table-q0w278-1 eJXAqz"
            >
              <div
                class="styled__HeaderContainer-q0w278-2 fUNRQo"
              >
                <div
                  class="styled__Header-q0w278-3 klUxVQ"
                >
                  <div
                    class="styled__HeaderCell-q0w278-4 cXSibf"
                  >
                    ID
                  </div>
                  <div
                    class="styled__HeaderCell-q0w278-4 cXSibf"
                  >
                    Login
                  </div>
                </div>
              </div>
              <div
                class="styled__Body-q0w278-5 gHKXfy"
              >
                <div
                  class="styled__RowContainer-q0w278-6 gXiuGM"
                >
                  <div
                    class="styled__Row-q0w278-7 htLHt"
                  >
                    <div
                      class="styled__RowCell-q0w278-8 fTlsqw"
                    >
                      2
                    </div>
                    <div
                      class="styled__RowCell-q0w278-8 fTlsqw"
                    >
                      defunkt
                    </div>
                  </div>
                </div>
              </div>
            </div>
            <div
              class="styled__PaginationContainer-q0w278-9 huNEmJ"
            />
          </div>
        </div>
      </div>
    </div>
  </body>,
  "container": <div>
    <div
      class="styled__Container-sc-1ozttvw-0 jmiUhe"
    >
      <div
        class="styled__TableContainer-sc-1ozttvw-1 hrtKVn"
        data-testid="table-container"
      >
        <div
          class="styled__Container-q0w278-0 iFBbUj"
        >
          <div
            class="styled__Table-q0w278-1 eJXAqz"
          >
            <div
              class="styled__HeaderContainer-q0w278-2 fUNRQo"
            >
              <div
                class="styled__Header-q0w278-3 klUxVQ"
              >
                <div
                  class="styled__HeaderCell-q0w278-4 cXSibf"
                >
                  ID
                </div>
                <div
                  class="styled__HeaderCell-q0w278-4 cXSibf"
                >
                  Login
                </div>
              </div>
            </div>
            <div
              class="styled__Body-q0w278-5 gHKXfy"
            >
              <div
                class="styled__RowContainer-q0w278-6 gXiuGM"
              >
                <div
                  class="styled__Row-q0w278-7 htLHt"
                >
                  <div
                    class="styled__RowCell-q0w278-8 fTlsqw"
                  >
                    2
                  </div>
                  <div
                    class="styled__RowCell-q0w278-8 fTlsqw"
                  >
                    defunkt
                  </div>
                </div>
              </div>
            </div>
          </div>
          <div
            class="styled__PaginationContainer-q0w278-9 huNEmJ"
          />
        </div>
      </div>
    </div>
  </div>,
  "debug": [Function],
  "findAllByAltText": [Function],
  "findAllByDisplayValue": [Function],
  "findAllByLabelText": [Function],
  "findAllByPlaceholderText": [Function],
  "findAllByRole": [Function],
  "findAllByTestId": [Function],
  "findAllByText": [Function],
  "findAllByTitle": [Function],
  "findByAltText": [Function],
  "findByDisplayValue": [Function],
  "findByLabelText": [Function],
  "findByPlaceholderText": [Function],
  "findByRole": [Function],
  "findByTestId": [Function],
  "findByText": [Function],
  "findByTitle": [Function],
  "getAllByAltText": [Function],
  "getAllByDisplayValue": [Function],
  "getAllByLabelText": [Function],
  "getAllByPlaceholderText": [Function],
  "getAllByRole": [Function],
  "getAllByTestId": [Function],
  "getAllByText": [Function],
  "getAllByTitle": [Function],
  "getByAltText": [Function],
  "getByDisplayValue": [Function],
  "getByLabelText": [Function],
  "getByPlaceholderText": [Function],
  "getByRole": [Function],
  "getByTestId": [Function],
  "getByText": [Function],
  "getByTitle": [Function],
  "queryAllByAltText": [Function],
  "queryAllByDisplayValue": [Function],
  "queryAllByLabelText": [Function],
  "queryAllByPlaceholderText": [Function],
  "queryAllByRole": [Function],
  "queryAllByTestId": [Function],
  "queryAllByText": [Function],
  "queryAllByTitle": [Function],
  "queryByAltText": [Function],
  "queryByDisplayValue": [Function],
  "queryByLabelText": [Function],
  "queryByPlaceholderText": [Function],
  "queryByRole": [Function],
  "queryByTestId": [Function],
  "queryByText": [Function],
  "queryByTitle": [Function],
  "rerender": [Function],
  "unmount": [Function],
}
`;
